Using pre-set license
Built from '2021.3/staging' branch; Version is '2021.3.33f1 (ee5a2aa03ab2) revision 15620650'; Using compiler version '192829333'; Build Type 'Release'
OS: 'Windows 11  (10.0.22621) 64bit Education' Language: 'sv' Physical Memory: 16016 MB
BatchMode: 1, IsHumanControllingUs: 0, StartBugReporterOnCrash: 0, Is64bit: 1, IsPro: 1

COMMAND LINE ARGUMENTS:
C:\Program Files\Unity\Hub\Editor\2021.3.33f1\Editor\Unity.exe
-adb2
-batchMode
-noUpm
-name
AssetImportWorker3
-projectPath
C:/Users/zack.bengtssonbystr/Documents/GitHub/Bound2Skate/Bound2Skate
-logFile
Logs/AssetImportWorker3.log
-srvPort
49767
Successfully changed project path to: C:/Users/zack.bengtssonbystr/Documents/GitHub/Bound2Skate/Bound2Skate
C:/Users/zack.bengtssonbystr/Documents/GitHub/Bound2Skate/Bound2Skate
[UnityMemory] Configuration Parameters - Can be set up in boot.config
    "memorysetup-bucket-allocator-granularity=16"
    "memorysetup-bucket-allocator-bucket-count=8"
    "memorysetup-bucket-allocator-block-size=33554432"
    "memorysetup-bucket-allocator-block-count=8"
    "memorysetup-main-allocator-block-size=16777216"
    "memorysetup-thread-allocator-block-size=16777216"
    "memorysetup-gfx-main-allocator-block-size=16777216"
    "memorysetup-gfx-thread-allocator-block-size=16777216"
    "memorysetup-cache-allocator-block-size=4194304"
    "memorysetup-typetree-allocator-block-size=2097152"
    "memorysetup-profiler-bucket-allocator-granularity=16"
    "memorysetup-profiler-bucket-allocator-bucket-count=8"
    "memorysetup-profiler-bucket-allocator-block-size=33554432"
    "memorysetup-profiler-bucket-allocator-block-count=8"
    "memorysetup-profiler-allocator-block-size=16777216"
    "memorysetup-profiler-editor-allocator-block-size=1048576"
    "memorysetup-temp-allocator-size-main=16777216"
    "memorysetup-job-temp-allocator-block-size=2097152"
    "memorysetup-job-temp-allocator-block-size-background=1048576"
    "memorysetup-job-temp-allocator-reduction-small-platforms=262144"
    "memorysetup-temp-allocator-size-background-worker=32768"
    "memorysetup-temp-allocator-size-job-worker=262144"
    "memorysetup-temp-allocator-size-preload-manager=33554432"
    "memorysetup-temp-allocator-size-nav-mesh-worker=65536"
    "memorysetup-temp-allocator-size-audio-worker=65536"
    "memorysetup-temp-allocator-size-cloud-worker=32768"
    "memorysetup-temp-allocator-size-gi-baking-worker=262144"
    "memorysetup-temp-allocator-size-gfx=262144"
Player connection [25036] Host "[IP] 192.168.1.159 [Port] 0 [Flags] 2 [Guid] 3712875215 [EditorId] 3712875215 [Version] 1048832 [Id] WindowsEditor(7,5CD3147L12) [Debug] 1 [PackageName] WindowsEditor [ProjectName] Editor" joined multi-casting on [225.0.0.222:54997]...

Player connection [25036] Host "[IP] 192.168.1.159 [Port] 0 [Flags] 2 [Guid] 3712875215 [EditorId] 3712875215 [Version] 1048832 [Id] WindowsEditor(7,5CD3147L12) [Debug] 1 [PackageName] WindowsEditor [ProjectName] Editor" joined alternative multi-casting on [225.0.0.222:34997]...

[Physics::Module] Initialized MultithreadedJobDispatcher with {0} workers.
Refreshing native plugins compatible for Editor in 247.87 ms, found 3 plugins.
Preloading 0 native plugins for Editor in 0.00 ms.
Initialize engine version: 2021.3.33f1 (ee5a2aa03ab2)
[Subsystems] Discovering subsystems at path C:/Program Files/Unity/Hub/Editor/2021.3.33f1/Editor/Data/Resources/UnitySubsystems
[Subsystems] Discovering subsystems at path C:/Users/zack.bengtssonbystr/Documents/GitHub/Bound2Skate/Bound2Skate/Assets
GfxDevice: creating device client; threaded=0; jobified=0
Direct3D:
    Version:  Direct3D 11.0 [level 11.1]
    Renderer: NVIDIA GeForce MX570 A (ID=0x25aa)
    Vendor:   NVIDIA
    VRAM:     1957 MB
    Driver:   31.0.15.1713
Initialize mono
Mono path[0] = 'C:/Program Files/Unity/Hub/Editor/2021.3.33f1/Editor/Data/Managed'
Mono path[1] = 'C:/Program Files/Unity/Hub/Editor/2021.3.33f1/Editor/Data/MonoBleedingEdge/lib/mono/unityjit-win32'
Mono config path = 'C:/Program Files/Unity/Hub/Editor/2021.3.33f1/Editor/Data/MonoBleedingEdge/etc'
Using monoOptions --debugger-agent=transport=dt_socket,embedding=1,server=y,suspend=n,address=127.0.0.1:56008
Begin MonoManager ReloadAssembly
Registering precompiled unity dll's ...
Register platform support module: C:/Program Files/Unity/Hub/Editor/2021.3.33f1/Editor/Data/PlaybackEngines/WebGLSupport/UnityEditor.WebGL.Extensions.dll
Register platform support module: C:/Program Files/Unity/Hub/Editor/2021.3.33f1/Editor/Data/PlaybackEngines/WindowsStandaloneSupport/UnityEditor.WindowsStandalone.Extensions.dll
Registered in 0.011492 seconds.
Native extension for WindowsStandalone target not found
Native extension for WebGL target not found
Refreshing native plugins compatible for Editor in 102.00 ms, found 3 plugins.
Preloading 0 native plugins for Editor in 0.00 ms.
Mono: successfully reloaded assembly
- Completed reload, in  1.070 seconds
Domain Reload Profiling:
	ReloadAssembly (1071ms)
		BeginReloadAssembly (165ms)
			ExecutionOrderSort (0ms)
			DisableScriptedObjects (0ms)
			BackupInstance (0ms)
			ReleaseScriptingObjects (0ms)
			CreateAndSetChildDomain (1ms)
		EndReloadAssembly (738ms)
			LoadAssemblies (162ms)
			RebuildTransferFunctionScriptingTraits (0ms)
			SetupTypeCache (175ms)
			ReleaseScriptCaches (0ms)
			RebuildScriptCaches (39ms)
			SetupLoadedEditorAssemblies (457ms)
				LogAssemblyErrors (0ms)
				InitializePlatformSupportModulesInManaged (11ms)
				SetLoadedEditorAssemblies (0ms)
				RefreshPlugins (102ms)
				BeforeProcessingInitializeOnLoad (3ms)
				ProcessInitializeOnLoadAttributes (264ms)
				ProcessInitializeOnLoadMethodAttributes (77ms)
				AfterProcessingInitializeOnLoad (0ms)
				EditorAssembliesLoaded (0ms)
			ExecutionOrderSort2 (0ms)
			AwakeInstancesAfterBackupRestoration (0ms)
Platform modules already initialized, skipping
Registering precompiled user dll's ...
Registered in 0.007073 seconds.
Begin MonoManager ReloadAssembly
Native extension for WindowsStandalone target not found
Native extension for WebGL target not found
Refreshing native plugins compatible for Editor in 1.62 ms, found 3 plugins.
Preloading 0 native plugins for Editor in 0.00 ms.
Package Manager log level set to [2]
[Package Manager] Server::EnsureServerProcessIsRunning -- launch failed, reason: Unity was launched with the -noUpm command-line argument
[Package Manager] Cannot connect to Unity Package Manager local server
Mono: successfully reloaded assembly
- Completed reload, in  3.384 seconds
Domain Reload Profiling:
	ReloadAssembly (3386ms)
		BeginReloadAssembly (325ms)
			ExecutionOrderSort (0ms)
			DisableScriptedObjects (13ms)
			BackupInstance (0ms)
			ReleaseScriptingObjects (0ms)
			CreateAndSetChildDomain (41ms)
		EndReloadAssembly (2807ms)
			LoadAssemblies (259ms)
			RebuildTransferFunctionScriptingTraits (0ms)
			SetupTypeCache (623ms)
			ReleaseScriptCaches (1ms)
			RebuildScriptCaches (129ms)
			SetupLoadedEditorAssemblies (1802ms)
				LogAssemblyErrors (0ms)
				InitializePlatformSupportModulesInManaged (17ms)
				SetLoadedEditorAssemblies (1ms)
				RefreshPlugins (2ms)
				BeforeProcessingInitializeOnLoad (175ms)
				ProcessInitializeOnLoadAttributes (1566ms)
				ProcessInitializeOnLoadMethodAttributes (32ms)
				AfterProcessingInitializeOnLoad (9ms)
				EditorAssembliesLoaded (0ms)
			ExecutionOrderSort2 (0ms)
			AwakeInstancesAfterBackupRestoration (10ms)
Platform modules already initialized, skipping
========================================================================
Worker process is ready to serve import requests
Launched and connected shader compiler UnityShaderCompiler.exe after 0.08 seconds
Refreshing native plugins compatible for Editor in 0.88 ms, found 3 plugins.
Preloading 0 native plugins for Editor in 0.00 ms.
Unloading 3287 Unused Serialized files (Serialized files now loaded: 0)
Unloading 35 unused Assets / (93.3 KB). Loaded Objects now: 3769.
Memory consumption went from 139.8 MB to 139.7 MB.
Total: 34.789300 ms (FindLiveObjects: 21.057600 ms CreateObjectMapping: 1.451900 ms MarkObjects: 12.171000 ms  DeleteObjects: 0.104500 ms)

AssetImportParameters requested are different than current active one (requested -> active):
  custom:video-decoder-ogg-theora: a1e56fd34408186e4bbccfd4996cb3dc -> 
  custom:container-muxer-webm: aa71ff27fc2769a1b78a27578f13a17b -> 
  custom:container-demuxer-webm: 4f35f7cbe854078d1ac9338744f61a02 -> 
  custom:video-encoder-webm-vp8: eb34c28f22e8b96e1ab97ce403110664 -> 
  custom:video-codec-MediaFoundation-h265: 746d11721c4dcdbdad8f713fa42b33f4 -> 
  custom:CustomObjectIndexerAttribute: bc11b3a6c3213fcdd17b65e7da85e133 -> 
  custom:audio-encoder-webm-vorbis: bf7c407c2cedff20999df2af8eb42d56 -> 
  custom:framework-win-MediaFoundation: 216162199b28c13a410421893ffa2e32 -> 
  custom:SearchIndexIgnoredProperties: e643bd26f0fe6173181afceb89e7c659 -> 
  custom:container-demuxer-ogg: 62fdf1f143b41e24485cea50d1cbac27 -> 
  custom:video-decoder-webm-vp8: 9c59270c3fd7afecdb556c50c9e8de78 -> 
  custom:audio-decoder-ogg-vorbis: bf7c407c2cedff20999df2af8eb42d56 -> 
========================================================================
Received Import Request.
  Time since last request: 429424.019704 seconds.
  path: Assets/russian_buildings/textures/rus_build_01_n.png
  artifactKey: Guid(d087ada33197fbb4c88e2c08bd36de20) Importer(815301076,1909f56bfc062723c751e8b465ee728b)
Number of updated assets reloaded before import = 0
Start importing Assets/russian_buildings/textures/rus_build_01_n.png using Guid(d087ada33197fbb4c88e2c08bd36de20) Importer(815301076,1909f56bfc062723c751e8b465ee728b)  -> (artifact id: '7fd8715b8eae3daa945e8469c470c0fe') in 0.339837 seconds 
Number of asset objects unloaded after import = 2
========================================================================
Received Import Request.
  Time since last request: 0.000111 seconds.
  path: Assets/russian_buildings/textures/rus_build_11_h.png
  artifactKey: Guid(db1d4d96b3a27984bad80d2025da46a4) Importer(815301076,1909f56bfc062723c751e8b465ee728b)
Number of updated assets reloaded before import = 0
Start importing Assets/russian_buildings/textures/rus_build_11_h.png using Guid(db1d4d96b3a27984bad80d2025da46a4) Importer(815301076,1909f56bfc062723c751e8b465ee728b)  -> (artifact id: '12fb6088cd191b386bd6dd0f2af8b4e0') in 0.060009 seconds 
Number of asset objects unloaded after import = 2
========================================================================
Received Import Request.
  Time since last request: 0.000071 seconds.
  path: Assets/russian_buildings/textures/rus_build_10.png
  artifactKey: Guid(5a125ecd9eb58a84fbedcf7569256ab1) Importer(815301076,1909f56bfc062723c751e8b465ee728b)
Number of updated assets reloaded before import = 0
Start importing Assets/russian_buildings/textures/rus_build_10.png using Guid(5a125ecd9eb58a84fbedcf7569256ab1) Importer(815301076,1909f56bfc062723c751e8b465ee728b)  -> (artifact id: 'f32256b6fcdc3c32d9c47a670fc9a737') in 0.057382 seconds 
Number of asset objects unloaded after import = 2
========================================================================
Received Import Request.
  Time since last request: 0.000079 seconds.
  path: Assets/russian_buildings/textures/rus_build_06_n.png
  artifactKey: Guid(ff3ed2e1350ac7c47ae84197b2bc30b1) Importer(815301076,1909f56bfc062723c751e8b465ee728b)
Number of updated assets reloaded before import = 0
Start importing Assets/russian_buildings/textures/rus_build_06_n.png using Guid(ff3ed2e1350ac7c47ae84197b2bc30b1) Importer(815301076,1909f56bfc062723c751e8b465ee728b)  -> (artifact id: '75d1fc362c7ef3f18d9e46335271fbd9') in 0.064127 seconds 
Number of asset objects unloaded after import = 2
========================================================================
Received Import Request.
  Time since last request: 0.000047 seconds.
  path: Assets/russian_buildings/textures/rus_build_12.png
  artifactKey: Guid(2281181ba06c0bc449508d12e4c39e52) Importer(815301076,1909f56bfc062723c751e8b465ee728b)
Number of updated assets reloaded before import = 0
Start importing Assets/russian_buildings/textures/rus_build_12.png using Guid(2281181ba06c0bc449508d12e4c39e52) Importer(815301076,1909f56bfc062723c751e8b465ee728b)  -> (artifact id: '20921c1170aba1595de69e22d358155b') in 0.105525 seconds 
Number of asset objects unloaded after import = 2
========================================================================
Received Import Request.
  Time since last request: 0.000050 seconds.
  path: Assets/russian_buildings/textures/rus_build_LOD_01_s.png
  artifactKey: Guid(51f4a202923845e439004bfbc487cfe7) Importer(815301076,1909f56bfc062723c751e8b465ee728b)
Number of updated assets reloaded before import = 0
Start importing Assets/russian_buildings/textures/rus_build_LOD_01_s.png using Guid(51f4a202923845e439004bfbc487cfe7) Importer(815301076,1909f56bfc062723c751e8b465ee728b)  -> (artifact id: '1781211193dd156c060a4c227e92977e') in 0.067621 seconds 
Number of asset objects unloaded after import = 2
========================================================================
Received Import Request.
  Time since last request: 0.000064 seconds.
  path: Assets/russian_buildings/textures/rus_build_17.png
  artifactKey: Guid(0decba82cb0d4eb4e8840b5b450910af) Importer(815301076,1909f56bfc062723c751e8b465ee728b)
Number of updated assets reloaded before import = 0
Start importing Assets/russian_buildings/textures/rus_build_17.png using Guid(0decba82cb0d4eb4e8840b5b450910af) Importer(815301076,1909f56bfc062723c751e8b465ee728b)  -> (artifact id: '208e9921baf0c46230cbcbbaa8214821') in 0.055025 seconds 
Number of asset objects unloaded after import = 2
========================================================================
Received Import Request.
  Time since last request: 0.000039 seconds.
  path: Assets/russian_buildings/textures/rus_build_05.png
  artifactKey: Guid(268c085af3fc79c4a934b1c5a3d93c39) Importer(815301076,1909f56bfc062723c751e8b465ee728b)
Number of updated assets reloaded before import = 0
Start importing Assets/russian_buildings/textures/rus_build_05.png using Guid(268c085af3fc79c4a934b1c5a3d93c39) Importer(815301076,1909f56bfc062723c751e8b465ee728b)  -> (artifact id: 'acc7516c12eec4204fbcd7a894b2eb03') in 0.058397 seconds 
Number of asset objects unloaded after import = 2
========================================================================
Received Import Request.
  Time since last request: 0.000046 seconds.
  path: Assets/russian_buildings/textures/rus_build_08_s.png
  artifactKey: Guid(2f20fd39e8116d74a882d1b04bde5036) Importer(815301076,1909f56bfc062723c751e8b465ee728b)
Number of updated assets reloaded before import = 0
Start importing Assets/russian_buildings/textures/rus_build_08_s.png using Guid(2f20fd39e8116d74a882d1b04bde5036) Importer(815301076,1909f56bfc062723c751e8b465ee728b)  -> (artifact id: 'ff0adf376db86be4ea1d148f4e559e7a') in 0.063752 seconds 
Number of asset objects unloaded after import = 2
========================================================================
Received Import Request.
  Time since last request: 0.000044 seconds.
  path: Assets/russian_buildings/textures/rus_build_LOD_03.png
  artifactKey: Guid(efce089419136f94492f8f54bf755a5c) Importer(815301076,1909f56bfc062723c751e8b465ee728b)
Number of updated assets reloaded before import = 0
Start importing Assets/russian_buildings/textures/rus_build_LOD_03.png using Guid(efce089419136f94492f8f54bf755a5c) Importer(815301076,1909f56bfc062723c751e8b465ee728b)  -> (artifact id: '3ef9d4b1ec64c500a825390ac6df7e3a') in 0.066310 seconds 
Number of asset objects unloaded after import = 2
========================================================================
Received Import Request.
  Time since last request: 0.000073 seconds.
  path: Assets/russian_buildings/textures/rus_build_14.png
  artifactKey: Guid(190b08caee9510e4094d8fb85df30e6a) Importer(815301076,1909f56bfc062723c751e8b465ee728b)
Number of updated assets reloaded before import = 0
Start importing Assets/russian_buildings/textures/rus_build_14.png using Guid(190b08caee9510e4094d8fb85df30e6a) Importer(815301076,1909f56bfc062723c751e8b465ee728b)  -> (artifact id: '761940f9e17b4a8e967dcf722e10b8a8') in 0.056838 seconds 
Number of asset objects unloaded after import = 2
========================================================================
Received Import Request.
  Time since last request: 0.000070 seconds.
  path: Assets/russian_buildings/textures/rus_build_06_s.png
  artifactKey: Guid(1f388489f17c0b746acc5128df2d589a) Importer(815301076,1909f56bfc062723c751e8b465ee728b)
Number of updated assets reloaded before import = 0
Start importing Assets/russian_buildings/textures/rus_build_06_s.png using Guid(1f388489f17c0b746acc5128df2d589a) Importer(815301076,1909f56bfc062723c751e8b465ee728b)  -> (artifact id: '6848df32114c523fe95b78389db5ce68') in 0.065504 seconds 
Number of asset objects unloaded after import = 2
========================================================================
Received Import Request.
  Time since last request: 0.000052 seconds.
  path: Assets/russian_buildings/textures/rus_build_01_s.png
  artifactKey: Guid(31c614827e49bca4e84dc40de76059cd) Importer(815301076,1909f56bfc062723c751e8b465ee728b)
Number of updated assets reloaded before import = 0
Start importing Assets/russian_buildings/textures/rus_build_01_s.png using Guid(31c614827e49bca4e84dc40de76059cd) Importer(815301076,1909f56bfc062723c751e8b465ee728b)  -> (artifact id: '3214dc89cf421529c9a1853c1439fd47') in 0.065904 seconds 
Number of asset objects unloaded after import = 2
========================================================================
Received Import Request.
  Time since last request: 0.000049 seconds.
  path: Assets/russian_buildings/textures/rus_build_LOD_02.png
  artifactKey: Guid(62da88ce44d49764b91100a52cc54548) Importer(815301076,1909f56bfc062723c751e8b465ee728b)
Number of updated assets reloaded before import = 0
Start importing Assets/russian_buildings/textures/rus_build_LOD_02.png using Guid(62da88ce44d49764b91100a52cc54548) Importer(815301076,1909f56bfc062723c751e8b465ee728b)  -> (artifact id: '43ed54c2602cfde95477ede5ac1ab44c') in 0.065397 seconds 
Number of asset objects unloaded after import = 2
========================================================================
Received Import Request.
  Time since last request: 0.000056 seconds.
  path: Assets/russian_buildings/textures/rus_build_11.png
  artifactKey: Guid(d898f1952a888e5459ca4fa61f69aacb) Importer(815301076,1909f56bfc062723c751e8b465ee728b)
Number of updated assets reloaded before import = 0
Start importing Assets/russian_buildings/textures/rus_build_11.png using Guid(d898f1952a888e5459ca4fa61f69aacb) Importer(815301076,1909f56bfc062723c751e8b465ee728b)  -> (artifact id: '2636fd07934a1e74d82c9b727ee726b0') in 0.054348 seconds 
Number of asset objects unloaded after import = 2
========================================================================
Received Import Request.
  Time since last request: 0.000062 seconds.
  path: Assets/russian_buildings/textures/rus_build_11_s.png
  artifactKey: Guid(d25ee5b813be1c94299c66797d46b18b) Importer(815301076,1909f56bfc062723c751e8b465ee728b)
Number of updated assets reloaded before import = 0
Start importing Assets/russian_buildings/textures/rus_build_11_s.png using Guid(d25ee5b813be1c94299c66797d46b18b) Importer(815301076,1909f56bfc062723c751e8b465ee728b)  -> (artifact id: '4d6a1506e2438c58f66e4be03fe8a41f') in 0.059783 seconds 
Number of asset objects unloaded after import = 2
========================================================================
Received Import Request.
  Time since last request: 0.000053 seconds.
  path: Assets/russian_buildings/textures/rus_build_03.png
  artifactKey: Guid(396ccf456224e824bb27e11e6cc4f641) Importer(815301076,1909f56bfc062723c751e8b465ee728b)
Number of updated assets reloaded before import = 0
Start importing Assets/russian_buildings/textures/rus_build_03.png using Guid(396ccf456224e824bb27e11e6cc4f641) Importer(815301076,1909f56bfc062723c751e8b465ee728b)  -> (artifact id: '27cfac2fa4185494ac2e186c1785f8c1') in 0.051069 seconds 
Number of asset objects unloaded after import = 2
Editor requested this worker to shutdown with reason: Scaling down because of idle timeout
AssetImportWorkerClient::OnTransportError - code=2 error=End of file
AssetImportWorker is now disconnected from the server
Process exiting
Exiting without the bug reporter. Application will terminate with return code 0