Using pre-set license
Built from '2021.3/staging' branch; Version is '2021.3.33f1 (ee5a2aa03ab2) revision 15620650'; Using compiler version '192829333'; Build Type 'Release'
OS: 'Windows 11  (10.0.22621) 64bit Education' Language: 'sv' Physical Memory: 16016 MB
BatchMode: 1, IsHumanControllingUs: 0, StartBugReporterOnCrash: 0, Is64bit: 1, IsPro: 1

COMMAND LINE ARGUMENTS:
C:\Program Files\Unity\Hub\Editor\2021.3.33f1\Editor\Unity.exe
-adb2
-batchMode
-noUpm
-name
AssetImportWorker4
-projectPath
C:/Users/zack.bengtssonbystr/Documents/GitHub/Bound2Skate/Bound2Skate
-logFile
Logs/AssetImportWorker4.log
-srvPort
53895
Successfully changed project path to: C:/Users/zack.bengtssonbystr/Documents/GitHub/Bound2Skate/Bound2Skate
C:/Users/zack.bengtssonbystr/Documents/GitHub/Bound2Skate/Bound2Skate
[UnityMemory] Configuration Parameters - Can be set up in boot.config
    "memorysetup-bucket-allocator-granularity=16"
    "memorysetup-bucket-allocator-bucket-count=8"
    "memorysetup-bucket-allocator-block-size=33554432"
    "memorysetup-bucket-allocator-block-count=8"
    "memorysetup-main-allocator-block-size=16777216"
    "memorysetup-thread-allocator-block-size=16777216"
    "memorysetup-gfx-main-allocator-block-size=16777216"
    "memorysetup-gfx-thread-allocator-block-size=16777216"
    "memorysetup-cache-allocator-block-size=4194304"
    "memorysetup-typetree-allocator-block-size=2097152"
    "memorysetup-profiler-bucket-allocator-granularity=16"
    "memorysetup-profiler-bucket-allocator-bucket-count=8"
    "memorysetup-profiler-bucket-allocator-block-size=33554432"
    "memorysetup-profiler-bucket-allocator-block-count=8"
    "memorysetup-profiler-allocator-block-size=16777216"
    "memorysetup-profiler-editor-allocator-block-size=1048576"
    "memorysetup-temp-allocator-size-main=16777216"
    "memorysetup-job-temp-allocator-block-size=2097152"
    "memorysetup-job-temp-allocator-block-size-background=1048576"
    "memorysetup-job-temp-allocator-reduction-small-platforms=262144"
    "memorysetup-temp-allocator-size-background-worker=32768"
    "memorysetup-temp-allocator-size-job-worker=262144"
    "memorysetup-temp-allocator-size-preload-manager=33554432"
    "memorysetup-temp-allocator-size-nav-mesh-worker=65536"
    "memorysetup-temp-allocator-size-audio-worker=65536"
    "memorysetup-temp-allocator-size-cloud-worker=32768"
    "memorysetup-temp-allocator-size-gi-baking-worker=262144"
    "memorysetup-temp-allocator-size-gfx=262144"
Player connection [13576] Host "[IP] 10.81.37.33 [Port] 0 [Flags] 2 [Guid] 1708545600 [EditorId] 1708545600 [Version] 1048832 [Id] WindowsEditor(7,5CD3147L12) [Debug] 1 [PackageName] WindowsEditor [ProjectName] Editor" joined multi-casting on [225.0.0.222:54997]...

Player connection [13576] Host "[IP] 10.81.37.33 [Port] 0 [Flags] 2 [Guid] 1708545600 [EditorId] 1708545600 [Version] 1048832 [Id] WindowsEditor(7,5CD3147L12) [Debug] 1 [PackageName] WindowsEditor [ProjectName] Editor" joined alternative multi-casting on [225.0.0.222:34997]...

[Physics::Module] Initialized MultithreadedJobDispatcher with {0} workers.
Refreshing native plugins compatible for Editor in 88.34 ms, found 3 plugins.
Preloading 0 native plugins for Editor in 0.00 ms.
Initialize engine version: 2021.3.33f1 (ee5a2aa03ab2)
[Subsystems] Discovering subsystems at path C:/Program Files/Unity/Hub/Editor/2021.3.33f1/Editor/Data/Resources/UnitySubsystems
[Subsystems] Discovering subsystems at path C:/Users/zack.bengtssonbystr/Documents/GitHub/Bound2Skate/Bound2Skate/Assets
GfxDevice: creating device client; threaded=0; jobified=0
Direct3D:
    Version:  Direct3D 11.0 [level 11.1]
    Renderer: NVIDIA GeForce MX570 A (ID=0x25aa)
    Vendor:   NVIDIA
    VRAM:     1957 MB
    Driver:   31.0.15.1713
Initialize mono
Mono path[0] = 'C:/Program Files/Unity/Hub/Editor/2021.3.33f1/Editor/Data/Managed'
Mono path[1] = 'C:/Program Files/Unity/Hub/Editor/2021.3.33f1/Editor/Data/MonoBleedingEdge/lib/mono/unityjit-win32'
Mono config path = 'C:/Program Files/Unity/Hub/Editor/2021.3.33f1/Editor/Data/MonoBleedingEdge/etc'
Using monoOptions --debugger-agent=transport=dt_socket,embedding=1,server=y,suspend=n,address=127.0.0.1:56844
Begin MonoManager ReloadAssembly
Registering precompiled unity dll's ...
Register platform support module: C:/Program Files/Unity/Hub/Editor/2021.3.33f1/Editor/Data/PlaybackEngines/WebGLSupport/UnityEditor.WebGL.Extensions.dll
Register platform support module: C:/Program Files/Unity/Hub/Editor/2021.3.33f1/Editor/Data/PlaybackEngines/WindowsStandaloneSupport/UnityEditor.WindowsStandalone.Extensions.dll
Registered in 0.004436 seconds.
Native extension for WindowsStandalone target not found
Native extension for WebGL target not found
Refreshing native plugins compatible for Editor in 93.64 ms, found 3 plugins.
Preloading 0 native plugins for Editor in 0.00 ms.
Mono: successfully reloaded assembly
- Completed reload, in  0.665 seconds
Domain Reload Profiling:
	ReloadAssembly (665ms)
		BeginReloadAssembly (89ms)
			ExecutionOrderSort (0ms)
			DisableScriptedObjects (0ms)
			BackupInstance (0ms)
			ReleaseScriptingObjects (0ms)
			CreateAndSetChildDomain (1ms)
		EndReloadAssembly (508ms)
			LoadAssemblies (87ms)
			RebuildTransferFunctionScriptingTraits (0ms)
			SetupTypeCache (141ms)
			ReleaseScriptCaches (0ms)
			RebuildScriptCaches (43ms)
			SetupLoadedEditorAssemblies (277ms)
				LogAssemblyErrors (0ms)
				InitializePlatformSupportModulesInManaged (12ms)
				SetLoadedEditorAssemblies (0ms)
				RefreshPlugins (94ms)
				BeforeProcessingInitializeOnLoad (2ms)
				ProcessInitializeOnLoadAttributes (135ms)
				ProcessInitializeOnLoadMethodAttributes (34ms)
				AfterProcessingInitializeOnLoad (0ms)
				EditorAssembliesLoaded (0ms)
			ExecutionOrderSort2 (0ms)
			AwakeInstancesAfterBackupRestoration (0ms)
Platform modules already initialized, skipping
Registering precompiled user dll's ...
Registered in 0.003589 seconds.
Begin MonoManager ReloadAssembly
Native extension for WindowsStandalone target not found
Native extension for WebGL target not found
Refreshing native plugins compatible for Editor in 0.74 ms, found 3 plugins.
Preloading 0 native plugins for Editor in 0.00 ms.
Package Manager log level set to [2]
[Package Manager] Server::EnsureServerProcessIsRunning -- launch failed, reason: Unity was launched with the -noUpm command-line argument
[Package Manager] Cannot connect to Unity Package Manager local server
Mono: successfully reloaded assembly
- Completed reload, in  1.602 seconds
Domain Reload Profiling:
	ReloadAssembly (1603ms)
		BeginReloadAssembly (124ms)
			ExecutionOrderSort (0ms)
			DisableScriptedObjects (4ms)
			BackupInstance (0ms)
			ReleaseScriptingObjects (0ms)
			CreateAndSetChildDomain (18ms)
		EndReloadAssembly (1351ms)
			LoadAssemblies (100ms)
			RebuildTransferFunctionScriptingTraits (0ms)
			SetupTypeCache (202ms)
			ReleaseScriptCaches (0ms)
			RebuildScriptCaches (45ms)
			SetupLoadedEditorAssemblies (975ms)
				LogAssemblyErrors (0ms)
				InitializePlatformSupportModulesInManaged (9ms)
				SetLoadedEditorAssemblies (0ms)
				RefreshPlugins (1ms)
				BeforeProcessingInitializeOnLoad (102ms)
				ProcessInitializeOnLoadAttributes (823ms)
				ProcessInitializeOnLoadMethodAttributes (32ms)
				AfterProcessingInitializeOnLoad (8ms)
				EditorAssembliesLoaded (0ms)
			ExecutionOrderSort2 (0ms)
			AwakeInstancesAfterBackupRestoration (8ms)
Platform modules already initialized, skipping
========================================================================
Worker process is ready to serve import requests
Launched and connected shader compiler UnityShaderCompiler.exe after 0.06 seconds
Refreshing native plugins compatible for Editor in 0.62 ms, found 3 plugins.
Preloading 0 native plugins for Editor in 0.00 ms.
Unloading 3127 Unused Serialized files (Serialized files now loaded: 0)
Unloading 22 unused Assets / (20.4 KB). Loaded Objects now: 3610.
Memory consumption went from 131.3 MB to 131.2 MB.
Total: 5.048200 ms (FindLiveObjects: 0.493500 ms CreateObjectMapping: 0.128600 ms MarkObjects: 4.384400 ms  DeleteObjects: 0.039300 ms)

AssetImportParameters requested are different than current active one (requested -> active):
  custom:video-decoder-ogg-theora: a1e56fd34408186e4bbccfd4996cb3dc -> 
  custom:container-muxer-webm: aa71ff27fc2769a1b78a27578f13a17b -> 
  custom:container-demuxer-webm: 4f35f7cbe854078d1ac9338744f61a02 -> 
  custom:video-encoder-webm-vp8: eb34c28f22e8b96e1ab97ce403110664 -> 
  custom:video-codec-MediaFoundation-h265: 746d11721c4dcdbdad8f713fa42b33f4 -> 
  custom:CustomObjectIndexerAttribute: bc11b3a6c3213fcdd17b65e7da85e133 -> 
  custom:audio-encoder-webm-vorbis: bf7c407c2cedff20999df2af8eb42d56 -> 
  custom:framework-win-MediaFoundation: 216162199b28c13a410421893ffa2e32 -> 
  custom:SearchIndexIgnoredProperties: e643bd26f0fe6173181afceb89e7c659 -> 
  custom:container-demuxer-ogg: 62fdf1f143b41e24485cea50d1cbac27 -> 
  custom:video-decoder-webm-vp8: 9c59270c3fd7afecdb556c50c9e8de78 -> 
  custom:audio-decoder-ogg-vorbis: bf7c407c2cedff20999df2af8eb42d56 -> 
========================================================================
Received Import Request.
  Time since last request: 305090.164142 seconds.
  path: Assets/Dark UI/New Icons/White Puzzle Piece.png
  artifactKey: Guid(539d21f35f0888b4a96fbbe6bd703478) Importer(815301076,1909f56bfc062723c751e8b465ee728b)
Number of updated assets reloaded before import = 0
Start importing Assets/Dark UI/New Icons/White Puzzle Piece.png using Guid(539d21f35f0888b4a96fbbe6bd703478) Importer(815301076,1909f56bfc062723c751e8b465ee728b)  -> (artifact id: '16a3ab0dc5ea38b47c39b37247755882') in 0.139049 seconds 
Number of asset objects unloaded after import = 3
========================================================================
Received Import Request.
  Time since last request: 0.109135 seconds.
  path: Assets/Dark UI/New Icons/White Pole.png
  artifactKey: Guid(d7b9ea3e556d6f3488ecee11fdbdf3b9) Importer(815301076,1909f56bfc062723c751e8b465ee728b)
Number of updated assets reloaded before import = 0
Start importing Assets/Dark UI/New Icons/White Pole.png using Guid(d7b9ea3e556d6f3488ecee11fdbdf3b9) Importer(815301076,1909f56bfc062723c751e8b465ee728b)  -> (artifact id: 'b7cdf8cc8ba87b7f07beabb95dad7bcb') in 0.039551 seconds 
Number of asset objects unloaded after import = 3
========================================================================
Received Import Request.
  Time since last request: 0.000019 seconds.
  path: Assets/Dark UI/New Icons/White Pound.png
  artifactKey: Guid(fd85014f8f48ade4c8deaaef9467e85a) Importer(815301076,1909f56bfc062723c751e8b465ee728b)
Number of updated assets reloaded before import = 0
Start importing Assets/Dark UI/New Icons/White Pound.png using Guid(fd85014f8f48ade4c8deaaef9467e85a) Importer(815301076,1909f56bfc062723c751e8b465ee728b)  -> (artifact id: '88ed759008129bd8bd8eec9629f4de68') in 0.044854 seconds 
Number of asset objects unloaded after import = 3
========================================================================
Received Import Request.
  Time since last request: 0.000016 seconds.
  path: Assets/Dark UI/New Icons/White Pouch.png
  artifactKey: Guid(811c3208748e9d94aa65018a05d2a62b) Importer(815301076,1909f56bfc062723c751e8b465ee728b)
Number of updated assets reloaded before import = 0
Start importing Assets/Dark UI/New Icons/White Pouch.png using Guid(811c3208748e9d94aa65018a05d2a62b) Importer(815301076,1909f56bfc062723c751e8b465ee728b)  -> (artifact id: 'b30ccff0ffcd7a2123ae7c7b890eac1c') in 0.034007 seconds 
Number of asset objects unloaded after import = 3
========================================================================
Received Import Request.
  Time since last request: 0.000021 seconds.
  path: Assets/Dark UI/New Icons/White Play.png
  artifactKey: Guid(82cc141cf0a983044b70b85573c5314d) Importer(815301076,1909f56bfc062723c751e8b465ee728b)
Number of updated assets reloaded before import = 0
Start importing Assets/Dark UI/New Icons/White Play.png using Guid(82cc141cf0a983044b70b85573c5314d) Importer(815301076,1909f56bfc062723c751e8b465ee728b)  -> (artifact id: '9ee15e6dd0cf96ac9a27435eb1fd73a8') in 0.037327 seconds 
Number of asset objects unloaded after import = 3
========================================================================
Received Import Request.
  Time since last request: 0.000032 seconds.
  path: Assets/Dark UI/New Icons/White Playstore.png
  artifactKey: Guid(b341f40805b35f14fa548ad8539f33ae) Importer(815301076,1909f56bfc062723c751e8b465ee728b)
Number of updated assets reloaded before import = 0
Start importing Assets/Dark UI/New Icons/White Playstore.png using Guid(b341f40805b35f14fa548ad8539f33ae) Importer(815301076,1909f56bfc062723c751e8b465ee728b)  -> (artifact id: '38e6bc8392b5f1552995a9834a9c3577') in 0.037193 seconds 
Number of asset objects unloaded after import = 3
========================================================================
Received Import Request.
  Time since last request: 0.000030 seconds.
  path: Assets/Dark UI/New Icons/White Pinterest.png
  artifactKey: Guid(66fb799d68d2c4c4f864665850b78d19) Importer(815301076,1909f56bfc062723c751e8b465ee728b)
Number of updated assets reloaded before import = 0
Start importing Assets/Dark UI/New Icons/White Pinterest.png using Guid(66fb799d68d2c4c4f864665850b78d19) Importer(815301076,1909f56bfc062723c751e8b465ee728b)  -> (artifact id: '348fc3d279ad511bdbb3ea29fde0364c') in 0.037219 seconds 
Number of asset objects unloaded after import = 3
========================================================================
Received Import Request.
  Time since last request: 0.000077 seconds.
  path: Assets/Dark UI/New Icons/White Person 2.png
  artifactKey: Guid(cb3974267d11c8d428640f8fadfd9414) Importer(815301076,1909f56bfc062723c751e8b465ee728b)
Number of updated assets reloaded before import = 0
Start importing Assets/Dark UI/New Icons/White Person 2.png using Guid(cb3974267d11c8d428640f8fadfd9414) Importer(815301076,1909f56bfc062723c751e8b465ee728b)  -> (artifact id: '8bad561dea9750ed842bd93fe3ae4bb3') in 0.036115 seconds 
Number of asset objects unloaded after import = 3
========================================================================
Received Import Request.
  Time since last request: 0.000034 seconds.
  path: Assets/Dark UI/New Icons/White Phone.png
  artifactKey: Guid(3168384dac3e4f244a8bb999f1ffb7f6) Importer(815301076,1909f56bfc062723c751e8b465ee728b)
Number of updated assets reloaded before import = 0
Start importing Assets/Dark UI/New Icons/White Phone.png using Guid(3168384dac3e4f244a8bb999f1ffb7f6) Importer(815301076,1909f56bfc062723c751e8b465ee728b)  -> (artifact id: '3a82d5c62026ed55c9d030bffe6dd90d') in 0.040842 seconds 
Number of asset objects unloaded after import = 3
========================================================================
Received Import Request.
  Time since last request: 0.000017 seconds.
  path: Assets/Dark UI/New Icons/White Person.png
  artifactKey: Guid(75ac4b2da36a0bb4dafaa37e921ebd60) Importer(815301076,1909f56bfc062723c751e8b465ee728b)
Number of updated assets reloaded before import = 0
Start importing Assets/Dark UI/New Icons/White Person.png using Guid(75ac4b2da36a0bb4dafaa37e921ebd60) Importer(815301076,1909f56bfc062723c751e8b465ee728b)  -> (artifact id: '8b5759363615cb18c5804e328d03e49f') in 0.043811 seconds 
Number of asset objects unloaded after import = 3
========================================================================
Received Import Request.
  Time since last request: 0.163603 seconds.
  path: Assets/Dark UI/New Icons/White Number Sign.png
  artifactKey: Guid(397fe1f6355c6034d88a2f86fe4d3707) Importer(815301076,1909f56bfc062723c751e8b465ee728b)
Number of updated assets reloaded before import = 0
Start importing Assets/Dark UI/New Icons/White Number Sign.png using Guid(397fe1f6355c6034d88a2f86fe4d3707) Importer(815301076,1909f56bfc062723c751e8b465ee728b)  -> (artifact id: 'ca172547bc35fb30d970b4427bc7fbda') in 0.043255 seconds 
Number of asset objects unloaded after import = 3
========================================================================
Received Import Request.
  Time since last request: 0.000022 seconds.
  path: Assets/Dark UI/New Icons/White Pen.png
  artifactKey: Guid(8f7b8cbf3f3080943b74eca26c930727) Importer(815301076,1909f56bfc062723c751e8b465ee728b)
Number of updated assets reloaded before import = 0
Start importing Assets/Dark UI/New Icons/White Pen.png using Guid(8f7b8cbf3f3080943b74eca26c930727) Importer(815301076,1909f56bfc062723c751e8b465ee728b)  -> (artifact id: 'c2199ef3905757fb578af50eff981562') in 0.041104 seconds 
Number of asset objects unloaded after import = 3
========================================================================
Received Import Request.
  Time since last request: 0.000027 seconds.
  path: Assets/Dark UI/New Icons/White Paws.png
  artifactKey: Guid(765e32fcbc2432949b49e08b2d5499dc) Importer(815301076,1909f56bfc062723c751e8b465ee728b)
Number of updated assets reloaded before import = 0
Start importing Assets/Dark UI/New Icons/White Paws.png using Guid(765e32fcbc2432949b49e08b2d5499dc) Importer(815301076,1909f56bfc062723c751e8b465ee728b)  -> (artifact id: 'f7b8267f407de526cf097a52c5e2c50a') in 0.037688 seconds 
Number of asset objects unloaded after import = 3
========================================================================
Received Import Request.
  Time since last request: 0.001184 seconds.
  path: Assets/Dark UI/New Icons/White Move Left.png
  artifactKey: Guid(b2fbf3e3089c73b4cb1ce543b975f49c) Importer(815301076,1909f56bfc062723c751e8b465ee728b)
Number of updated assets reloaded before import = 0
Start importing Assets/Dark UI/New Icons/White Move Left.png using Guid(b2fbf3e3089c73b4cb1ce543b975f49c) Importer(815301076,1909f56bfc062723c751e8b465ee728b)  -> (artifact id: 'a229036180b1e45fa10c836f366e449e') in 0.037575 seconds 
Number of asset objects unloaded after import = 3
========================================================================
Received Import Request.
  Time since last request: 0.000024 seconds.
  path: Assets/Dark UI/New Icons/White Minus 2.png
  artifactKey: Guid(0d1bc263b91247a4c9c69ffdc72a24a0) Importer(815301076,1909f56bfc062723c751e8b465ee728b)
Number of updated assets reloaded before import = 0
Start importing Assets/Dark UI/New Icons/White Minus 2.png using Guid(0d1bc263b91247a4c9c69ffdc72a24a0) Importer(815301076,1909f56bfc062723c751e8b465ee728b)  -> (artifact id: '22d9110142cab933acf3a41acde6971c') in 0.038309 seconds 
Number of asset objects unloaded after import = 3
========================================================================
Received Import Request.
  Time since last request: 0.000031 seconds.
  path: Assets/Dark UI/New Icons/White Menu 1.png
  artifactKey: Guid(2a1e1464824789b44ab28ecf35058069) Importer(815301076,1909f56bfc062723c751e8b465ee728b)
Number of updated assets reloaded before import = 0
Start importing Assets/Dark UI/New Icons/White Menu 1.png using Guid(2a1e1464824789b44ab28ecf35058069) Importer(815301076,1909f56bfc062723c751e8b465ee728b)  -> (artifact id: 'da1fb41959681662ed5c8956f0b150c9') in 0.037642 seconds 
Number of asset objects unloaded after import = 3
========================================================================
Received Import Request.
  Time since last request: 0.000071 seconds.
  path: Assets/Dark UI/New Icons/White Menu 3.png
  artifactKey: Guid(773d54018f715d74a8a79de354bac817) Importer(815301076,1909f56bfc062723c751e8b465ee728b)
Number of updated assets reloaded before import = 0
Start importing Assets/Dark UI/New Icons/White Menu 3.png using Guid(773d54018f715d74a8a79de354bac817) Importer(815301076,1909f56bfc062723c751e8b465ee728b)  -> (artifact id: '93b33bfd91cf86bf1b35486d01d9b2dc') in 0.039063 seconds 
Number of asset objects unloaded after import = 3
========================================================================
Received Import Request.
  Time since last request: 0.000033 seconds.
  path: Assets/Dark UI/New Icons/White Level 1.png
  artifactKey: Guid(896be68e4b2f49642bdf2adaf68ac8b9) Importer(815301076,1909f56bfc062723c751e8b465ee728b)
Number of updated assets reloaded before import = 0
Start importing Assets/Dark UI/New Icons/White Level 1.png using Guid(896be68e4b2f49642bdf2adaf68ac8b9) Importer(815301076,1909f56bfc062723c751e8b465ee728b)  -> (artifact id: '9d322ff4d7afaba846cecd871a731d5e') in 0.035282 seconds 
Number of asset objects unloaded after import = 3
========================================================================
Received Import Request.
  Time since last request: 0.000030 seconds.
  path: Assets/Dark UI/New Icons/White Music Off.png
  artifactKey: Guid(cabad5b87dec1fd4e8749fa9f8936e63) Importer(815301076,1909f56bfc062723c751e8b465ee728b)
Number of updated assets reloaded before import = 0
Start importing Assets/Dark UI/New Icons/White Music Off.png using Guid(cabad5b87dec1fd4e8749fa9f8936e63) Importer(815301076,1909f56bfc062723c751e8b465ee728b)  -> (artifact id: '7cf863095a9b40d70a132c89e5c147a3') in 0.047071 seconds 
Number of asset objects unloaded after import = 3
========================================================================
Received Import Request.
  Time since last request: 0.000037 seconds.
  path: Assets/Dark UI/New Icons/White Music Note.png
  artifactKey: Guid(343ccedab88230f4596d167280dc7d5f) Importer(815301076,1909f56bfc062723c751e8b465ee728b)
Number of updated assets reloaded before import = 0
Start importing Assets/Dark UI/New Icons/White Music Note.png using Guid(343ccedab88230f4596d167280dc7d5f) Importer(815301076,1909f56bfc062723c751e8b465ee728b)  -> (artifact id: 'efd4061bd42d47eab085ca0a3f01dbc5') in 0.032726 seconds 
Number of asset objects unloaded after import = 3
========================================================================
Received Import Request.
  Time since last request: 0.000045 seconds.
  path: Assets/Dark UI/New Icons/White Menu 2.png
  artifactKey: Guid(8dce6b83a1bc84447b30d011580848e5) Importer(815301076,1909f56bfc062723c751e8b465ee728b)
Number of updated assets reloaded before import = 0
Start importing Assets/Dark UI/New Icons/White Menu 2.png using Guid(8dce6b83a1bc84447b30d011580848e5) Importer(815301076,1909f56bfc062723c751e8b465ee728b)  -> (artifact id: '78ffbb41dba25257e308ea0f0877dd01') in 0.040381 seconds 
Number of asset objects unloaded after import = 3
========================================================================
Received Import Request.
  Time since last request: 0.000024 seconds.
  path: Assets/Dark UI/New Icons/White Level 2.png
  artifactKey: Guid(de7cfc4add8231642aa210c9512bfd55) Importer(815301076,1909f56bfc062723c751e8b465ee728b)
Number of updated assets reloaded before import = 0
Start importing Assets/Dark UI/New Icons/White Level 2.png using Guid(de7cfc4add8231642aa210c9512bfd55) Importer(815301076,1909f56bfc062723c751e8b465ee728b)  -> (artifact id: '9ad8c72349fdf67f2ba078f08ed1b728') in 0.042413 seconds 
Number of asset objects unloaded after import = 3
========================================================================
Received Import Request.
  Time since last request: 0.000021 seconds.
  path: Assets/Dark UI/New Icons/White Light.png
  artifactKey: Guid(256fb8f6fc4c4bd4faf89a2d01947f02) Importer(815301076,1909f56bfc062723c751e8b465ee728b)
Number of updated assets reloaded before import = 0
Start importing Assets/Dark UI/New Icons/White Light.png using Guid(256fb8f6fc4c4bd4faf89a2d01947f02) Importer(815301076,1909f56bfc062723c751e8b465ee728b)  -> (artifact id: 'efa9f4e345169d8fa504a157512939c6') in 0.045099 seconds 
Number of asset objects unloaded after import = 3
========================================================================
Received Import Request.
  Time since last request: 0.000035 seconds.
  path: Assets/Dark UI/New Icons/White Location 1.png
  artifactKey: Guid(65f27128858deb84b8cee1a3a88ea099) Importer(815301076,1909f56bfc062723c751e8b465ee728b)
Number of updated assets reloaded before import = 0
Start importing Assets/Dark UI/New Icons/White Location 1.png using Guid(65f27128858deb84b8cee1a3a88ea099) Importer(815301076,1909f56bfc062723c751e8b465ee728b)  -> (artifact id: '551797877fae5bbe35268895ae517799') in 0.040163 seconds 
Number of asset objects unloaded after import = 3
========================================================================
Received Import Request.
  Time since last request: 0.000070 seconds.
  path: Assets/Dark UI/New Icons/White Key.png
  artifactKey: Guid(e3dc68783919341458e70e2a3ed5ebc1) Importer(815301076,1909f56bfc062723c751e8b465ee728b)
Number of updated assets reloaded before import = 0
Start importing Assets/Dark UI/New Icons/White Key.png using Guid(e3dc68783919341458e70e2a3ed5ebc1) Importer(815301076,1909f56bfc062723c751e8b465ee728b)  -> (artifact id: 'b906aebb49358e163be28f0404de43c1') in 0.044713 seconds 
Number of asset objects unloaded after import = 3
========================================================================
Received Import Request.
  Time since last request: 0.000029 seconds.
  path: Assets/Dark UI/New Icons/White Hour Glass.png
  artifactKey: Guid(db9dad1771665cb498b552f7009c4823) Importer(815301076,1909f56bfc062723c751e8b465ee728b)
Number of updated assets reloaded before import = 0
Start importing Assets/Dark UI/New Icons/White Hour Glass.png using Guid(db9dad1771665cb498b552f7009c4823) Importer(815301076,1909f56bfc062723c751e8b465ee728b)  -> (artifact id: '10558c662d6dbb0d73797d09bf343639') in 0.044470 seconds 
Number of asset objects unloaded after import = 3
========================================================================
Received Import Request.
  Time since last request: 0.000049 seconds.
  path: Assets/Dark UI/New Icons/White Horse Shoe.png
  artifactKey: Guid(2b572e084229b8c43b8422ecc261c484) Importer(815301076,1909f56bfc062723c751e8b465ee728b)
Number of updated assets reloaded before import = 0
Start importing Assets/Dark UI/New Icons/White Horse Shoe.png using Guid(2b572e084229b8c43b8422ecc261c484) Importer(815301076,1909f56bfc062723c751e8b465ee728b)  -> (artifact id: '30ea811b03ff3de672b1a05ced109814') in 0.036517 seconds 
Number of asset objects unloaded after import = 3
========================================================================
Received Import Request.
  Time since last request: 0.000023 seconds.
  path: Assets/Dark UI/New Icons/White Gun.png
  artifactKey: Guid(6f96056f07249b54c9829d5de7c61021) Importer(815301076,1909f56bfc062723c751e8b465ee728b)
Number of updated assets reloaded before import = 0
Start importing Assets/Dark UI/New Icons/White Gun.png using Guid(6f96056f07249b54c9829d5de7c61021) Importer(815301076,1909f56bfc062723c751e8b465ee728b)  -> (artifact id: 'd6e7f59efaa9eca49437ebf30246e54d') in 0.039277 seconds 
Number of asset objects unloaded after import = 3
========================================================================
Received Import Request.
  Time since last request: 0.000042 seconds.
  path: Assets/Dark UI/New Icons/White Forward.png
  artifactKey: Guid(097d531661742334fa8fa4dde46ff6b9) Importer(815301076,1909f56bfc062723c751e8b465ee728b)
Number of updated assets reloaded before import = 0
Start importing Assets/Dark UI/New Icons/White Forward.png using Guid(097d531661742334fa8fa4dde46ff6b9) Importer(815301076,1909f56bfc062723c751e8b465ee728b)  -> (artifact id: '803772f012a7e89a3ddeb655853ffc8d') in 0.036278 seconds 
Number of asset objects unloaded after import = 3
========================================================================
Received Import Request.
  Time since last request: 0.000020 seconds.
  path: Assets/Dark UI/New Icons/White Fire.png
  artifactKey: Guid(55a26f8ddf4bcd84ebac28cd0267311b) Importer(815301076,1909f56bfc062723c751e8b465ee728b)
Number of updated assets reloaded before import = 0
Start importing Assets/Dark UI/New Icons/White Fire.png using Guid(55a26f8ddf4bcd84ebac28cd0267311b) Importer(815301076,1909f56bfc062723c751e8b465ee728b)  -> (artifact id: '10f2da47d5730464c7d3493ca80c5101') in 0.040345 seconds 
Number of asset objects unloaded after import = 3
========================================================================
Received Import Request.
  Time since last request: 0.000022 seconds.
  path: Assets/Dark UI/New Icons/White Flow Sysmbol.png
  artifactKey: Guid(c6d46eb39cf9ea0478439055ee01b726) Importer(815301076,1909f56bfc062723c751e8b465ee728b)
Number of updated assets reloaded before import = 0
Start importing Assets/Dark UI/New Icons/White Flow Sysmbol.png using Guid(c6d46eb39cf9ea0478439055ee01b726) Importer(815301076,1909f56bfc062723c751e8b465ee728b)  -> (artifact id: 'ea56a6519b4799ad01f60d9f88adaeee') in 0.035848 seconds 
Number of asset objects unloaded after import = 3
========================================================================
Received Import Request.
  Time since last request: 0.000027 seconds.
  path: Assets/Dark UI/New Icons/White Fish 2.png
  artifactKey: Guid(4ed054b89ed50074cbc9fc2e896ab9a5) Importer(815301076,1909f56bfc062723c751e8b465ee728b)
Number of updated assets reloaded before import = 0
Start importing Assets/Dark UI/New Icons/White Fish 2.png using Guid(4ed054b89ed50074cbc9fc2e896ab9a5) Importer(815301076,1909f56bfc062723c751e8b465ee728b)  -> (artifact id: '50cf291e341d99e930accb59f7b0f0ce') in 0.037896 seconds 
Number of asset objects unloaded after import = 3
========================================================================
Received Import Request.
  Time since last request: 0.000038 seconds.
  path: Assets/Dark UI/New Icons/White Fish 1.png
  artifactKey: Guid(1428e5efa3ec7b04c82a6a89209d8b2d) Importer(815301076,1909f56bfc062723c751e8b465ee728b)
Number of updated assets reloaded before import = 0
Start importing Assets/Dark UI/New Icons/White Fish 1.png using Guid(1428e5efa3ec7b04c82a6a89209d8b2d) Importer(815301076,1909f56bfc062723c751e8b465ee728b)  -> (artifact id: '4bd1c5453d2653a36c13a947f88d27d0') in 0.035966 seconds 
Number of asset objects unloaded after import = 3
========================================================================
Received Import Request.
  Time since last request: 0.000052 seconds.
  path: Assets/Dark UI/New Icons/White Grenade.png
  artifactKey: Guid(77c8e4db152f76042bcd8c7632b5f4dd) Importer(815301076,1909f56bfc062723c751e8b465ee728b)
Number of updated assets reloaded before import = 0
Start importing Assets/Dark UI/New Icons/White Grenade.png using Guid(77c8e4db152f76042bcd8c7632b5f4dd) Importer(815301076,1909f56bfc062723c751e8b465ee728b)  -> (artifact id: '63ed7b6dd5f7366dc7ecccc1795f3b50') in 0.038564 seconds 
Number of asset objects unloaded after import = 3
========================================================================
Received Import Request.
  Time since last request: 0.000024 seconds.
  path: Assets/Dark UI/New Icons/White Gear 2.png
  artifactKey: Guid(8152721df6350f74b920a9565a5aecb4) Importer(815301076,1909f56bfc062723c751e8b465ee728b)
Number of updated assets reloaded before import = 0
Start importing Assets/Dark UI/New Icons/White Gear 2.png using Guid(8152721df6350f74b920a9565a5aecb4) Importer(815301076,1909f56bfc062723c751e8b465ee728b)  -> (artifact id: '8d1f0fd3155c3ed16f821fff898c43be') in 0.036327 seconds 
Number of asset objects unloaded after import = 3
========================================================================
Received Import Request.
  Time since last request: 0.000022 seconds.
  path: Assets/Dark UI/New Icons/White Graduation Cap.png
  artifactKey: Guid(36ff106f4f24cab46a37452d300f11d8) Importer(815301076,1909f56bfc062723c751e8b465ee728b)
Number of updated assets reloaded before import = 0
Start importing Assets/Dark UI/New Icons/White Graduation Cap.png using Guid(36ff106f4f24cab46a37452d300f11d8) Importer(815301076,1909f56bfc062723c751e8b465ee728b)  -> (artifact id: 'c98385374007a583d86f5e3dee961541') in 0.040715 seconds 
Number of asset objects unloaded after import = 3
========================================================================
Received Import Request.
  Time since last request: 0.000021 seconds.
  path: Assets/Dark UI/New Icons/White Heart 3.png
  artifactKey: Guid(96abe9144609545419e18f668c98e5b3) Importer(815301076,1909f56bfc062723c751e8b465ee728b)
Number of updated assets reloaded before import = 0
Start importing Assets/Dark UI/New Icons/White Heart 3.png using Guid(96abe9144609545419e18f668c98e5b3) Importer(815301076,1909f56bfc062723c751e8b465ee728b)  -> (artifact id: '155ab8bf13e1fbea82dedf6ff2247942') in 0.039920 seconds 
Number of asset objects unloaded after import = 3
========================================================================
Received Import Request.
  Time since last request: 0.000033 seconds.
  path: Assets/Dark UI/New Icons/White Explosion 2.png
  artifactKey: Guid(c90b04dbb696a8a4bbf77bad043ed21e) Importer(815301076,1909f56bfc062723c751e8b465ee728b)
Number of updated assets reloaded before import = 0
Start importing Assets/Dark UI/New Icons/White Explosion 2.png using Guid(c90b04dbb696a8a4bbf77bad043ed21e) Importer(815301076,1909f56bfc062723c751e8b465ee728b)  -> (artifact id: 'fe0404717d685bf898d9be406486a925') in 0.037848 seconds 
Number of asset objects unloaded after import = 3
========================================================================
Received Import Request.
  Time since last request: 0.000034 seconds.
  path: Assets/Dark UI/New Icons/White Cross Swords.png
  artifactKey: Guid(3913229a660ff0f4e842bbb278a76672) Importer(815301076,1909f56bfc062723c751e8b465ee728b)
Number of updated assets reloaded before import = 0
Start importing Assets/Dark UI/New Icons/White Cross Swords.png using Guid(3913229a660ff0f4e842bbb278a76672) Importer(815301076,1909f56bfc062723c751e8b465ee728b)  -> (artifact id: '7ac9b527b120808b2fc4ff3cbed23abb') in 0.036507 seconds 
Number of asset objects unloaded after import = 3
========================================================================
Received Import Request.
  Time since last request: 0.000025 seconds.
  path: Assets/Dark UI/New Icons/White Dollar.png
  artifactKey: Guid(32a910569006e6f4288aeb55d4088d8b) Importer(815301076,1909f56bfc062723c751e8b465ee728b)
Number of updated assets reloaded before import = 0
Start importing Assets/Dark UI/New Icons/White Dollar.png using Guid(32a910569006e6f4288aeb55d4088d8b) Importer(815301076,1909f56bfc062723c751e8b465ee728b)  -> (artifact id: 'd2f0ec73997a617172e809f46621e876') in 0.038697 seconds 
Number of asset objects unloaded after import = 3
========================================================================
Received Import Request.
  Time since last request: 0.000079 seconds.
  path: Assets/Dark UI/New Icons/White Check.png
  artifactKey: Guid(1fe5a7887d4d25c448821b998ec50d9e) Importer(815301076,1909f56bfc062723c751e8b465ee728b)
Number of updated assets reloaded before import = 0
Start importing Assets/Dark UI/New Icons/White Check.png using Guid(1fe5a7887d4d25c448821b998ec50d9e) Importer(815301076,1909f56bfc062723c751e8b465ee728b)  -> (artifact id: '12e17abeb8f4168a4c4281f7494e0469') in 0.035301 seconds 
Number of asset objects unloaded after import = 3
========================================================================
Received Import Request.
  Time since last request: 0.000022 seconds.
  path: Assets/Dark UI/New Icons/White Chat 2.png
  artifactKey: Guid(0a281fdf0a57da34eb4e9867d8fe0087) Importer(815301076,1909f56bfc062723c751e8b465ee728b)
Number of updated assets reloaded before import = 0
Start importing Assets/Dark UI/New Icons/White Chat 2.png using Guid(0a281fdf0a57da34eb4e9867d8fe0087) Importer(815301076,1909f56bfc062723c751e8b465ee728b)  -> (artifact id: 'a805525ac7d7ce53501385bebcfd682b') in 0.035530 seconds 
Number of asset objects unloaded after import = 3
========================================================================
Received Import Request.
  Time since last request: 0.000017 seconds.
  path: Assets/Dark UI/New Icons/White Down.png
  artifactKey: Guid(000994f9b9ea40c46809e33ccde989b8) Importer(815301076,1909f56bfc062723c751e8b465ee728b)
Number of updated assets reloaded before import = 0
Start importing Assets/Dark UI/New Icons/White Down.png using Guid(000994f9b9ea40c46809e33ccde989b8) Importer(815301076,1909f56bfc062723c751e8b465ee728b)  -> (artifact id: 'eafc50269c468c942c79914af3966f31') in 0.039064 seconds 
Number of asset objects unloaded after import = 3
========================================================================
Received Import Request.
  Time since last request: 0.000022 seconds.
  path: Assets/Dark UI/New Icons/White Calendar 1.png
  artifactKey: Guid(0cf5c5879d0cd244c9226a787b9f6692) Importer(815301076,1909f56bfc062723c751e8b465ee728b)
Number of updated assets reloaded before import = 0
Start importing Assets/Dark UI/New Icons/White Calendar 1.png using Guid(0cf5c5879d0cd244c9226a787b9f6692) Importer(815301076,1909f56bfc062723c751e8b465ee728b)  -> (artifact id: '4995f5ca5eae8fc4b7a340360c5a763f') in 0.038455 seconds 
Number of asset objects unloaded after import = 3
========================================================================
Received Import Request.
  Time since last request: 0.000038 seconds.
  path: Assets/Dark UI/New Icons/White Calendar 2.png
  artifactKey: Guid(bf175eb440638474aae5e3fbed0a4b90) Importer(815301076,1909f56bfc062723c751e8b465ee728b)
Number of updated assets reloaded before import = 0
Start importing Assets/Dark UI/New Icons/White Calendar 2.png using Guid(bf175eb440638474aae5e3fbed0a4b90) Importer(815301076,1909f56bfc062723c751e8b465ee728b)  -> (artifact id: 'e76ab7ad1805e9c52366c5185990521e') in 0.036734 seconds 
Number of asset objects unloaded after import = 3
========================================================================
Received Import Request.
  Time since last request: 0.000030 seconds.
  path: Assets/Dark UI/New Icons/White Expand.png
  artifactKey: Guid(07230c17de668be488c33476fe450846) Importer(815301076,1909f56bfc062723c751e8b465ee728b)
Number of updated assets reloaded before import = 0
Start importing Assets/Dark UI/New Icons/White Expand.png using Guid(07230c17de668be488c33476fe450846) Importer(815301076,1909f56bfc062723c751e8b465ee728b)  -> (artifact id: '79bc6d019324354be2075eddfe25350e') in 0.039481 seconds 
Number of asset objects unloaded after import = 3
========================================================================
Received Import Request.
  Time since last request: 0.000055 seconds.
  path: Assets/Dark UI/New Icons/White Choices.png
  artifactKey: Guid(cfcc9b2d60e4e634799b705f383d0863) Importer(815301076,1909f56bfc062723c751e8b465ee728b)
Number of updated assets reloaded before import = 0
Start importing Assets/Dark UI/New Icons/White Choices.png using Guid(cfcc9b2d60e4e634799b705f383d0863) Importer(815301076,1909f56bfc062723c751e8b465ee728b)  -> (artifact id: 'be5a98cfde25207a7c03dae1f87a3938') in 0.033819 seconds 
Number of asset objects unloaded after import = 3
========================================================================
Received Import Request.
  Time since last request: 0.000040 seconds.
  path: Assets/Dark UI/New Icons/White Clock.png
  artifactKey: Guid(7ec10866735f0ec4f88a6b20a16ad476) Importer(815301076,1909f56bfc062723c751e8b465ee728b)
Number of updated assets reloaded before import = 0
Start importing Assets/Dark UI/New Icons/White Clock.png using Guid(7ec10866735f0ec4f88a6b20a16ad476) Importer(815301076,1909f56bfc062723c751e8b465ee728b)  -> (artifact id: '8a25cdbe64a6466654610efe409c1bc2') in 0.046730 seconds 
Number of asset objects unloaded after import = 3
========================================================================
Received Import Request.
  Time since last request: 0.000024 seconds.
  path: Assets/Dark UI/New Icons/White Files.png
  artifactKey: Guid(d72d370ad78d6e64e9efcaddc7975de2) Importer(815301076,1909f56bfc062723c751e8b465ee728b)
Number of updated assets reloaded before import = 0
Start importing Assets/Dark UI/New Icons/White Files.png using Guid(d72d370ad78d6e64e9efcaddc7975de2) Importer(815301076,1909f56bfc062723c751e8b465ee728b)  -> (artifact id: '21615168fad1dbd5ae36e7a0b6cef80a') in 0.035176 seconds 
Number of asset objects unloaded after import = 3
========================================================================
Received Import Request.
  Time since last request: 0.000024 seconds.
  path: Assets/Dark UI/New Icons/White Camera 2.png
  artifactKey: Guid(f0877a1116c0ab642af83f17fd98f570) Importer(815301076,1909f56bfc062723c751e8b465ee728b)
Number of updated assets reloaded before import = 0
Start importing Assets/Dark UI/New Icons/White Camera 2.png using Guid(f0877a1116c0ab642af83f17fd98f570) Importer(815301076,1909f56bfc062723c751e8b465ee728b)  -> (artifact id: '1e80566e9d710932a07f7aec9886aadb') in 0.035017 seconds 
Number of asset objects unloaded after import = 3
========================================================================
Received Import Request.
  Time since last request: 0.000034 seconds.
  path: Assets/Dark UI/New Icons/White Energy.png
  artifactKey: Guid(9b03d0e2a9247694d920c0e8d27668d6) Importer(815301076,1909f56bfc062723c751e8b465ee728b)
Number of updated assets reloaded before import = 0
Start importing Assets/Dark UI/New Icons/White Energy.png using Guid(9b03d0e2a9247694d920c0e8d27668d6) Importer(815301076,1909f56bfc062723c751e8b465ee728b)  -> (artifact id: '762dc087d89e34695b0d0bf4dd1bdf45') in 0.039861 seconds 
Number of asset objects unloaded after import = 3
========================================================================
Received Import Request.
  Time since last request: 0.000056 seconds.
  path: Assets/Dark UI/New Icons/White Calculator.png
  artifactKey: Guid(637e2bac5ed5f77469f74b9f33504f0d) Importer(815301076,1909f56bfc062723c751e8b465ee728b)
Number of updated assets reloaded before import = 0
Start importing Assets/Dark UI/New Icons/White Calculator.png using Guid(637e2bac5ed5f77469f74b9f33504f0d) Importer(815301076,1909f56bfc062723c751e8b465ee728b)  -> (artifact id: '7f7dd05a50ad0ee791eb1284c2765a54') in 0.042379 seconds 
Number of asset objects unloaded after import = 3
========================================================================
Received Import Request.
  Time since last request: 0.000056 seconds.
  path: Assets/Dark UI/New Icons/White Euro.png
  artifactKey: Guid(2715b8fd2aa85bc43b1b3e1825eb9f99) Importer(815301076,1909f56bfc062723c751e8b465ee728b)
Number of updated assets reloaded before import = 0
Start importing Assets/Dark UI/New Icons/White Euro.png using Guid(2715b8fd2aa85bc43b1b3e1825eb9f99) Importer(815301076,1909f56bfc062723c751e8b465ee728b)  -> (artifact id: '4e593426335dafb7a9894e28b10189ae') in 0.047693 seconds 
Number of asset objects unloaded after import = 3
========================================================================
Received Import Request.
  Time since last request: 0.000031 seconds.
  path: Assets/Dark UI/New Icons/White Dice.png
  artifactKey: Guid(64db32877a71c0540a452131b164cd4c) Importer(815301076,1909f56bfc062723c751e8b465ee728b)
Number of updated assets reloaded before import = 0
Start importing Assets/Dark UI/New Icons/White Dice.png using Guid(64db32877a71c0540a452131b164cd4c) Importer(815301076,1909f56bfc062723c751e8b465ee728b)  -> (artifact id: '34981ea4838dc2e369708c78a8960d53') in 0.043515 seconds 
Number of asset objects unloaded after import = 3
========================================================================
Received Import Request.
  Time since last request: 0.000019 seconds.
  path: Assets/Dark UI/New Icons/White Camera.png
  artifactKey: Guid(4fa547d91a8dd504d946232e6c38a36b) Importer(815301076,1909f56bfc062723c751e8b465ee728b)
Number of updated assets reloaded before import = 0
Start importing Assets/Dark UI/New Icons/White Camera.png using Guid(4fa547d91a8dd504d946232e6c38a36b) Importer(815301076,1909f56bfc062723c751e8b465ee728b)  -> (artifact id: '85f3a348ef41701b840de913cf118f45') in 0.035090 seconds 
Number of asset objects unloaded after import = 3
========================================================================
Received Import Request.
  Time since last request: 0.000025 seconds.
  path: Assets/Dark UI/New Icons/White Forward 2.png
  artifactKey: Guid(c41764f0b53023446b4246340f64381b) Importer(815301076,1909f56bfc062723c751e8b465ee728b)
Number of updated assets reloaded before import = 0
Start importing Assets/Dark UI/New Icons/White Forward 2.png using Guid(c41764f0b53023446b4246340f64381b) Importer(815301076,1909f56bfc062723c751e8b465ee728b)  -> (artifact id: 'd273b9a3b4ec82e74ab15c00c0f6498c') in 0.037325 seconds 
Number of asset objects unloaded after import = 3
========================================================================
Received Import Request.
  Time since last request: 0.000019 seconds.
  path: Assets/Dark UI/New Icons/White FastFordward.png
  artifactKey: Guid(802a7f4783974a04d85bfea4c8d83bf4) Importer(815301076,1909f56bfc062723c751e8b465ee728b)
Number of updated assets reloaded before import = 0
Start importing Assets/Dark UI/New Icons/White FastFordward.png using Guid(802a7f4783974a04d85bfea4c8d83bf4) Importer(815301076,1909f56bfc062723c751e8b465ee728b)  -> (artifact id: '82fe0fa617814f066b0d23cde9a00f19') in 0.040394 seconds 
Number of asset objects unloaded after import = 3
========================================================================
Received Import Request.
  Time since last request: 0.000019 seconds.
  path: Assets/Dark UI/New Icons/White Building.png
  artifactKey: Guid(fd17e86cde79d054ba2a9b2e6b078493) Importer(815301076,1909f56bfc062723c751e8b465ee728b)
Number of updated assets reloaded before import = 0
Start importing Assets/Dark UI/New Icons/White Building.png using Guid(fd17e86cde79d054ba2a9b2e6b078493) Importer(815301076,1909f56bfc062723c751e8b465ee728b)  -> (artifact id: '691848eb35a1b87a985bf82a6db83a20') in 0.037341 seconds 
Number of asset objects unloaded after import = 3
========================================================================
Received Import Request.
  Time since last request: 0.000020 seconds.
  path: Assets/Dark UI/New Icons/White Female.png
  artifactKey: Guid(4bd8ae77366ad574d8cc527e83e746e6) Importer(815301076,1909f56bfc062723c751e8b465ee728b)
Number of updated assets reloaded before import = 0
Start importing Assets/Dark UI/New Icons/White Female.png using Guid(4bd8ae77366ad574d8cc527e83e746e6) Importer(815301076,1909f56bfc062723c751e8b465ee728b)  -> (artifact id: '98f6ed879c7abcd4f6c68f67fb91755c') in 0.038949 seconds 
Number of asset objects unloaded after import = 3
========================================================================
Received Import Request.
  Time since last request: 0.000032 seconds.
  path: Assets/Dark UI/New Icons/White Knight.png
  artifactKey: Guid(9127bb7b525b8424fb967ef6627e220c) Importer(815301076,1909f56bfc062723c751e8b465ee728b)
Number of updated assets reloaded before import = 0
Start importing Assets/Dark UI/New Icons/White Knight.png using Guid(9127bb7b525b8424fb967ef6627e220c) Importer(815301076,1909f56bfc062723c751e8b465ee728b)  -> (artifact id: 'ccf1ebe45d6270bc563156fa8ba83f25') in 0.040990 seconds 
Number of asset objects unloaded after import = 3
========================================================================
Received Import Request.
  Time since last request: 0.000021 seconds.
  path: Assets/Dark UI/New Icons/White Boots 1.png
  artifactKey: Guid(bc4a2c6bdce59a94eb0d6bb7a135043e) Importer(815301076,1909f56bfc062723c751e8b465ee728b)
Number of updated assets reloaded before import = 0
Start importing Assets/Dark UI/New Icons/White Boots 1.png using Guid(bc4a2c6bdce59a94eb0d6bb7a135043e) Importer(815301076,1909f56bfc062723c751e8b465ee728b)  -> (artifact id: '7935c03497931a76824d8f9a0b507105') in 0.034681 seconds 
Number of asset objects unloaded after import = 3
========================================================================
Received Import Request.
  Time since last request: 0.000019 seconds.
  path: Assets/Dark UI/New Icons/White Bluetooth Off.png
  artifactKey: Guid(8d73ecea347ed064bb2ba28baf2fa124) Importer(815301076,1909f56bfc062723c751e8b465ee728b)
Number of updated assets reloaded before import = 0
Start importing Assets/Dark UI/New Icons/White Bluetooth Off.png using Guid(8d73ecea347ed064bb2ba28baf2fa124) Importer(815301076,1909f56bfc062723c751e8b465ee728b)  -> (artifact id: '6aa35badfa7408329a48d26c46194c4f') in 0.039772 seconds 
Number of asset objects unloaded after import = 3
========================================================================
Received Import Request.
  Time since last request: 0.000040 seconds.
  path: Assets/Dark UI/New Icons/White Blade 2.png
  artifactKey: Guid(a611e29c1aa703e44a41817ded85095a) Importer(815301076,1909f56bfc062723c751e8b465ee728b)
Number of updated assets reloaded before import = 0
Start importing Assets/Dark UI/New Icons/White Blade 2.png using Guid(a611e29c1aa703e44a41817ded85095a) Importer(815301076,1909f56bfc062723c751e8b465ee728b)  -> (artifact id: 'e0f4d77638a4f85324d9bc408eb64b07') in 0.040710 seconds 
Number of asset objects unloaded after import = 3
========================================================================
Received Import Request.
  Time since last request: 0.000018 seconds.
  path: Assets/Dark UI/New Icons/White Basket.png
  artifactKey: Guid(57c36934de3bd6349b82cd9525de5bb3) Importer(815301076,1909f56bfc062723c751e8b465ee728b)
Number of updated assets reloaded before import = 0
Start importing Assets/Dark UI/New Icons/White Basket.png using Guid(57c36934de3bd6349b82cd9525de5bb3) Importer(815301076,1909f56bfc062723c751e8b465ee728b)  -> (artifact id: '3aab3a869bed69cdc7e71586766c51a8') in 0.037510 seconds 
Number of asset objects unloaded after import = 3
========================================================================
Received Import Request.
  Time since last request: 0.000064 seconds.
  path: Assets/Dark UI/New Icons/White At.png
  artifactKey: Guid(f37834c3005a09347b8a3051f871c9f8) Importer(815301076,1909f56bfc062723c751e8b465ee728b)
Number of updated assets reloaded before import = 0
Start importing Assets/Dark UI/New Icons/White At.png using Guid(f37834c3005a09347b8a3051f871c9f8) Importer(815301076,1909f56bfc062723c751e8b465ee728b)  -> (artifact id: '65e5dda0ba10e32bbc795f4e9ea0aa8a') in 0.040494 seconds 
Number of asset objects unloaded after import = 3
========================================================================
Received Import Request.
  Time since last request: 0.000026 seconds.
  path: Assets/Dark UI/New Icons/White Battery Full.png
  artifactKey: Guid(692c00569b804d349b00445f08239980) Importer(815301076,1909f56bfc062723c751e8b465ee728b)
Number of updated assets reloaded before import = 0
Start importing Assets/Dark UI/New Icons/White Battery Full.png using Guid(692c00569b804d349b00445f08239980) Importer(815301076,1909f56bfc062723c751e8b465ee728b)  -> (artifact id: 'bf39487afa2a3679cc5c89af048d42f0') in 0.039929 seconds 
Number of asset objects unloaded after import = 3
========================================================================
Received Import Request.
  Time since last request: 0.000021 seconds.
  path: Assets/Dark UI/New Icons/White Backward 2.png
  artifactKey: Guid(f30c643a213a8164f96258d141ea1107) Importer(815301076,1909f56bfc062723c751e8b465ee728b)
Number of updated assets reloaded before import = 0
Start importing Assets/Dark UI/New Icons/White Backward 2.png using Guid(f30c643a213a8164f96258d141ea1107) Importer(815301076,1909f56bfc062723c751e8b465ee728b)  -> (artifact id: '84231a56893a4470c316ce79ae6043ec') in 0.038306 seconds 
Number of asset objects unloaded after import = 3
========================================================================
Received Import Request.
  Time since last request: 0.000023 seconds.
  path: Assets/Dark UI/New Icons/White Bishop.png
  artifactKey: Guid(7295007a4f71b1d48a13b13b05491cd7) Importer(815301076,1909f56bfc062723c751e8b465ee728b)
Number of updated assets reloaded before import = 0
Start importing Assets/Dark UI/New Icons/White Bishop.png using Guid(7295007a4f71b1d48a13b13b05491cd7) Importer(815301076,1909f56bfc062723c751e8b465ee728b)  -> (artifact id: 'c17b836b7ac1a0c50abc1a2482f85921') in 0.034899 seconds 
Number of asset objects unloaded after import = 3
========================================================================
Received Import Request.
  Time since last request: 0.000019 seconds.
  path: Assets/Dark UI/New Icons/White Armor.png
  artifactKey: Guid(0161855221fea1d4a838fa168e345120) Importer(815301076,1909f56bfc062723c751e8b465ee728b)
Number of updated assets reloaded before import = 0
Start importing Assets/Dark UI/New Icons/White Armor.png using Guid(0161855221fea1d4a838fa168e345120) Importer(815301076,1909f56bfc062723c751e8b465ee728b)  -> (artifact id: '4859289d0e425c8a9821372f72f47b78') in 0.038289 seconds 
Number of asset objects unloaded after import = 3
========================================================================
Received Import Request.
  Time since last request: 0.000070 seconds.
  path: Assets/Dark UI/New Icons/White Alarm 2 off.png
  artifactKey: Guid(b0fea94090d76c149ac8a4358cbbb4d4) Importer(815301076,1909f56bfc062723c751e8b465ee728b)
Number of updated assets reloaded before import = 0
Start importing Assets/Dark UI/New Icons/White Alarm 2 off.png using Guid(b0fea94090d76c149ac8a4358cbbb4d4) Importer(815301076,1909f56bfc062723c751e8b465ee728b)  -> (artifact id: '07e5cc11eb6d3c10b60dc7add1aabcf5') in 0.034963 seconds 
Number of asset objects unloaded after import = 3
========================================================================
Received Import Request.
  Time since last request: 0.000041 seconds.
  path: Assets/Dark UI/New Icons/White Axe 2.png
  artifactKey: Guid(4ffe3e2e0c07c5d479b6ec59368aada3) Importer(815301076,1909f56bfc062723c751e8b465ee728b)
Number of updated assets reloaded before import = 0
Start importing Assets/Dark UI/New Icons/White Axe 2.png using Guid(4ffe3e2e0c07c5d479b6ec59368aada3) Importer(815301076,1909f56bfc062723c751e8b465ee728b)  -> (artifact id: 'a4dab754999719212053b554502da12f') in 0.040032 seconds 
Number of asset objects unloaded after import = 3
========================================================================
Received Import Request.
  Time since last request: 0.000030 seconds.
  path: Assets/Dark UI/New Icons/White Backward.png
  artifactKey: Guid(b6602d0c6419ec54eab44dbd00d87542) Importer(815301076,1909f56bfc062723c751e8b465ee728b)
Number of updated assets reloaded before import = 0
Start importing Assets/Dark UI/New Icons/White Backward.png using Guid(b6602d0c6419ec54eab44dbd00d87542) Importer(815301076,1909f56bfc062723c751e8b465ee728b)  -> (artifact id: 'f5a52d5ff122bd4ee988bd89eb23a66f') in 0.038981 seconds 
Number of asset objects unloaded after import = 3
========================================================================
Received Import Request.
  Time since last request: 0.000036 seconds.
  path: Assets/Dark UI/New Icons/White Close.png
  artifactKey: Guid(9054dc5711d27884a90b3ef076f6d3d4) Importer(815301076,1909f56bfc062723c751e8b465ee728b)
Number of updated assets reloaded before import = 0
Start importing Assets/Dark UI/New Icons/White Close.png using Guid(9054dc5711d27884a90b3ef076f6d3d4) Importer(815301076,1909f56bfc062723c751e8b465ee728b)  -> (artifact id: 'f33ed69cf0fe59cfc8a8f2149c744e17') in 0.036401 seconds 
Number of asset objects unloaded after import = 3
========================================================================
Received Import Request.
  Time since last request: 0.000020 seconds.
  path: Assets/Dark UI/New Icons/White Airplane.png
  artifactKey: Guid(6480c79f7c5e0d24eb216252c001b429) Importer(815301076,1909f56bfc062723c751e8b465ee728b)
Number of updated assets reloaded before import = 0
Start importing Assets/Dark UI/New Icons/White Airplane.png using Guid(6480c79f7c5e0d24eb216252c001b429) Importer(815301076,1909f56bfc062723c751e8b465ee728b)  -> (artifact id: '789572127d2042b9608da66213faf9da') in 0.045080 seconds 
Number of asset objects unloaded after import = 3
========================================================================
Received Import Request.
  Time since last request: 0.000028 seconds.
  path: Assets/Dark UI/New Icons/White Add.png
  artifactKey: Guid(4e3c49dc98f8a444ab28337dac1f094b) Importer(815301076,1909f56bfc062723c751e8b465ee728b)
Number of updated assets reloaded before import = 0
Start importing Assets/Dark UI/New Icons/White Add.png using Guid(4e3c49dc98f8a444ab28337dac1f094b) Importer(815301076,1909f56bfc062723c751e8b465ee728b)  -> (artifact id: '65d3429983c306f1f5c6d75389533a2c') in 0.036625 seconds 
Number of asset objects unloaded after import = 3
Editor requested this worker to shutdown with reason: Scaling down because of idle timeout
AssetImportWorkerClient::OnTransportError - code=2 error=End of file
AssetImportWorker is now disconnected from the server
Process exiting
Exiting without the bug reporter. Application will terminate with return code 0